
> frontend@0.0.0 start
> ng serve --proxy-config proxy.conf.json --host 127.0.0.1 --port 4200

[33m>[39m Building...
[32m√[39m Building...
[1mInitial chunk files[22m[2m | [22m[1mNames[22m           [2m | [22m [1mRaw size[22m
[32mchunk-MJEXFNAD.js[39m  [2m | [22m[2m-[22m               [2m | [22m [36m29.82 kB[39m[2m | [22m
[32mmain.js[39m            [2m | [22m[2mmain[22m            [2m | [22m [36m28.35 kB[39m[2m | [22m
[32mstyles.css[39m         [2m | [22m[2mstyles[22m          [2m | [22m [36m11.61 kB[39m[2m | [22m
[32mpolyfills.js[39m       [2m | [22m[2mpolyfills[22m       [2m | [22m [36m95 bytes[39m[2m | [22m

[1m [22m                  [2m | [22m[1mInitial total[22m   [2m | [22m [1m69.87 kB[22m

[1mLazy chunk files[22m   [2m | [22m[1mNames[22m           [2m | [22m [1mRaw size[22m
[32mchunk-RFPFXA5L.js[39m  [2m | [22m[2mclaims-module[22m   [2m | [22m [36m68.70 kB[39m[2m | [22m
[32mchunk-YX4CWHCM.js[39m  [2m | [22m[2mcontracts-module[22m[2m | [22m [36m31.56 kB[39m[2m | [22m
[32mchunk-72H6GBGI.js[39m  [2m | [22m[2musers-module[22m    [2m | [22m [36m28.14 kB[39m[2m | [22m
[32mchunk-Q76UACWW.js[39m  [2m | [22m[2mclients-module[22m  [2m | [22m [36m27.51 kB[39m[2m | [22m
[32mchunk-SFUK7SXU.js[39m  [2m | [22m[2mdashboard-module[22m[2m | [22m [36m24.62 kB[39m[2m | [22m
[32mchunk-NSUY4DV7.js[39m  [2m | [22m[2mauth-module[22m     [2m | [22m [36m22.63 kB[39m[2m | [22m
[32mchunk-7KZ57QPI.js[39m  [2m | [22m[2m-[22m               [2m | [22m  [36m2.85 kB[39m[2m | [22m
[32mchunk-JSK5A6T6.js[39m  [2m | [22m[2m-[22m               [2m | [22m  [36m2.08 kB[39m[2m | [22m
[32mchunk-UD6YWNEG.js[39m  [2m | [22m[2m-[22m               [2m | [22m  [36m1.87 kB[39m[2m | [22m
[32mchunk-LFOCOIGV.js[39m  [2m | [22m[2m-[22m               [2m | [22m  [36m1.84 kB[39m[2m | [22m
[32mchunk-FZ4GRLFG.js[39m  [2m | [22m[2m-[22m               [2m | [22m  [36m1.73 kB[39m[2m | [22m
[32mchunk-2W7Z5UT3.js[39m  [2m | [22m[2m-[22m               [2m | [22m[36m795 bytes[39m[2m | [22m
[32mchunk-PEQXVIP3.js[39m  [2m | [22m[2m-[22m               [2m | [22m[36m657 bytes[39m[2m | [22m

Application bundle generation complete. [4.607 seconds] - 2026-06-05T16:31:09.798Z

Watch mode enabled. Watching for file changes...
NOTE: Raw file sizes do not reflect development server per-request transformations.
  [32m➜[39m  [1mLocal[22m:   [36mhttp://127.0.0.1:[1m4200[22m/[39m
